
> webapp@0.0.0 dev
> vite --host 127.0.0.1 --port 4174


  VITE v8.3.1  ready in 625 ms

  ➜  Local:   http://127.0.0.1:4174/
  ➜  press h + enter to show help
PM 4:16:13 [vite] (client) hmr update /src/components/modal/DocumentPreviewModal.tsx
PM 4:16:13 [vite] (client) hmr update /src/components/modal/DocumentPreviewModal.tsx
PM 4:19:48 [vite] (client) hmr update /src/components/modal/DocumentPreviewModal.tsx
PM 7:25:13 [vite] (client) hmr update /src/components/modal/DocumentPreviewModal.tsx
PM 7:25:13 [vite] (client) hmr update /src/components/modal/DocumentPreviewModal.tsx
PM 7:25:13 [vite] (client) hmr update /src/components/modal/DocumentPreviewModal.tsx
PM 7:25:13 [vite] (client) hmr update /src/components/modal/modal.css
PM 7:28:21 [vite] (client) hmr update /src/components/modal/DocumentPreviewModal.tsx
PM 7:28:21 [vite] (client) hmr update /src/components/modal/DocumentPreviewModal.tsx
PM 8:43:56 [vite] (client) hmr update /src/components/input/InputPage.tsx, /src/components/modal/DocumentPreviewModal.tsx, /src/components/exportPage/ExportPage.tsx
PM 8:44:13 [vite] (client) hmr update /src/components/modal/DocumentPreviewModal.tsx, /src/components/exportPage/ExportPage.tsx
PM 8:44:27 [vite] (client) hmr update /src/components/modal/DocumentPreviewModal.tsx, /src/components/exportPage/ExportPage.tsx
PM 8:44:48 [vite] (client) hmr update /src/components/input/FieldInput.tsx
PM 8:45:06 [vite] (client) hmr update /src/components/modal/DocumentPreviewModal.tsx
PM 8:45:20 [vite] (client) hmr update /src/components/modal/DocumentPreviewModal.tsx
PM 8:45:35 [vite] (client) hmr update /src/components/modal/DocumentPreviewModal.tsx
PM 8:45:52 [vite] (client) hmr update /src/components/modal/DocumentPreviewModal.tsx
PM 8:46:06 [vite] (client) hmr update /src/components/modal/DocumentPreviewModal.tsx
PM 8:46:19 [vite] (client) hmr update /src/components/modal/DocumentPreviewModal.tsx
PM 8:46:37 [vite] (client) hmr update /src/components/modal/modal.css
PM 9:54:05 [vite] (client) hmr update /src/components/input/FieldInput.tsx
PM 9:55:20 [vite] (client) hmr update /src/components/input/InputPage.tsx, /src/components/modal/DocumentPreviewModal.tsx, /src/components/exportPage/ExportPage.tsx
PM 9:55:35 [vite] (client) hmr update /src/components/modal/DocumentPreviewModal.tsx, /src/components/exportPage/ExportPage.tsx
PM 9:55:54 [vite] (client) hmr update /src/components/modal/DocumentPreviewModal.tsx, /src/components/exportPage/ExportPage.tsx
PM 9:56:15 [vite] (client) hmr update /src/components/modal/DocumentPreviewModal.tsx
PM 9:56:37 [vite] (client) hmr update /src/components/modal/DocumentPreviewModal.tsx
PM 11:00:53 [vite] (client) hmr update /src/components/input/FieldInput.tsx
PM 11:00:53 [vite] (client) hmr update /src/components/modal/DocumentPreviewModal.tsx
PM 11:00:53 [vite] (client) hmr update /src/components/modal/modal.css
PM 11:00:53 [vite] (client) hmr update /src/components/modal/DocumentPreviewModal.tsx, /src/components/exportPage/ExportPage.tsx
